../Core/Src/main.c:76:5:main	8	static
../Core/Src/main.c:137:6:SystemClock_Config	96	static
../Core/Src/main.c:187:13:MX_ADC1_Init	48	static
../Core/Src/main.c:254:13:MX_TIM2_Init	64	static
../Core/Src/main.c:313:13:MX_TIM16_Init	80	static
../Core/Src/main.c:375:13:MX_USART2_UART_Init	8	static
../Core/Src/main.c:408:13:MX_DMA_Init	16	static
../Core/Src/main.c:426:13:MX_GPIO_Init	48	static
../Core/Src/main.c:459:6:HAL_ADC_ConvCpltCallback	16	static
../Core/Src/main.c:475:6:Error_Handler	4	static,ignoring_inline_asm
